// Jest Snapshot v1, https://goo.gl/fbAQLP

exports[`<Main /> should render the heading 1`] = `
<main
  class="styles__Wrapper-chobwk-0 gXZPfz"
>
  <img
    alt="Imagem de um átomo e React Avançado escrito ao lado"
    class="styles__Logo-chobwk-1 gBJZqo"
    src="/img/logo.svg"
  />
  <h1
    class="styles__Title-chobwk-2 lmDrHS"
  >
    React Avançado
  </h1>
  <h2
    class="styles__Description-chobwk-3 iimvzJ"
  >
    TypeScript, ReactJS, NextJS e Styled Components!
  </h2>
  <img
    alt="Um desenvolvedor de frente para uma tela com código."
    class="styles__Illustration-chobwk-4 dhRJQy"
    src="/img/hero-illustration.svg"
  />
</main>
`
